---
source: src/ui/dashboard.rs
expression: "draw(&copying(), MIN_WIDTH)"
---
"╭ bupr · dev ──────────────────────────── mirror ╮"
"│ █████████████░░░░░░░░░░  57%   3.1 GB / 5.4 GB │"
"│ 8,214/14,002 · 142.0 MB/s · 0:22 → 0:17        │"
"│ unchanged 96,110   deleted 12   errors 0       │"
"│                                                │"
"│ ▸ webshop/…/Timeline.svelte            48.0 kB │"
"│   player/core/src/decoder.rs           12.0 kB │"
"│   player/api/openapi.yaml               3.0 kB │"
"╰────────────────────────────────────────────────╯"
