---
source: src/ui/dashboard.rs
expression: "draw(&s, 60)"
---
"╭ bupr · dev ──────────────────────────────────── simulate ╮"
"│ ⠋ scanning… 110,316 files · 12.3 GB                      │"
"│                                                          │"
"│                                                          │"
"│                                                          │"
"│                                                          │"
"│                                                          │"
"│                                                          │"
"╰──────────────────────────────────────────────────────────╯"
